// Jest Snapshot v1, https://goo.gl/fbAQLP

exports[`Prueba en <GifGridItem/> de de mostrar el componente correctamente 1`] = `
<div
  className="card animate__animated animate__fadeIn"
>
  <img
    alt="Un titulo"
    src="http://www.url.com"
  />
  <p>
    Un titulo
  </p>
</div>
`;
